src/serve/acp-http/transport.test.ts(52,3): error TS6133: 'MAX_READ_BYTES' is declared but its value is never read.
src/serve/acp-http/transport.test.ts(783,18): error TS2304: Cannot find name 'AcpHttpHandle'.
src/serve/acp-http/transport.test.ts(804,5): error TS2304: Cannot find name 'mountWorkspaceMemoryRememberRoutes'.
src/serve/acp-http/transport.test.ts(807,22): error TS7006: Parameter '_req' implicitly has an 'any' type.
src/serve/acp-http/transport.test.ts(807,28): error TS7006: Parameter '_res' implicitly has an 'any' type.
src/serve/acp-http/transport.test.ts(807,34): error TS7006: Parameter 'next' implicitly has an 'any' type.
src/serve/acp-http/transport.test.ts(808,23): error TS7006: Parameter 'req' implicitly has an 'any' type.
src/serve/acp-http/transport.test.ts(808,28): error TS7006: Parameter 'res' implicitly has an 'any' type.
src/serve/acp-http/transport.test.ts(821,18): error TS7006: Parameter 'req' implicitly has an 'any' type.
src/serve/acp-http/transport.test.ts(945,33): error TS2554: Expected 2-3 arguments, but got 1.
src/serve/acp-http/transport.test.ts(948,5): error TS2322: Type 'void' is not assignable to type 'string | undefined'.
src/serve/acp-http/transport.test.ts(950,23): error TS2345: Argument of type 'void' is not assignable to parameter of type 'string'.
src/serve/acp-http/transport.test.ts(957,19): error TS2345: Argument of type 'void' is not assignable to parameter of type 'PathLike'.
src/serve/acp-http/transport.test.ts(973,32): error TS2353: Object literal may only specify known properties, and 'recursive' does not exist in type 'NoParamCallback'.
src/serve/acp-http/transport.test.ts(1022,7): error TS2345: Argument of type 'string' is not assignable to parameter of type 'NoParamCallback'.
src/serve/acp-http/transport.test.ts(3444,35): error TS2554: Expected 2-3 arguments, but got 1.
src/serve/acp-http/transport.test.ts(3447,7): error TS2322: Type 'void' is not assignable to type 'string | undefined'.
src/serve/acp-http/transport.test.ts(3455,36): error TS2353: Object literal may only specify known properties, and 'recursive' does not exist in type 'NoParamCallback'.
src/serve/acp-http/transport.test.ts(3467,11): error TS2345: Argument of type 'string' is not assignable to parameter of type 'NoParamCallback'.
src/serve/acp-http/transport.test.ts(3494,21): error TS2345: Argument of type 'void' is not assignable to parameter of type 'PathLike'.
src/serve/acp-http/transport.test.ts(4845,30): error TS2554: Expected 2-3 arguments, but got 1.
src/serve/acp-http/transport.test.ts(4846,33): error TS2345: Argument of type 'void' is not assignable to parameter of type 'string'.
src/serve/acp-http/transport.test.ts(4847,28): error TS2345: Argument of type 'void' is not assignable to parameter of type 'string'.
src/serve/acp-http/transport.test.ts(4853,35): error TS2353: Object literal may only specify known properties, and 'recursive' does not exist in type 'NoParamCallback'.
src/serve/acp-http/transport.test.ts(4854,13): error TS2304: Cannot find name 'writeJson'.
src/serve/acp-http/transport.test.ts(4888,19): error TS2345: Argument of type 'void' is not assignable to parameter of type 'PathLike'.
src/serve/acp-http/transport.test.ts(4896,13): error TS2304: Cannot find name 'WorkspacePermissionRulesSessionRequiredError'.
src/serve/acp-http/transport.test.ts(5022,13): error TS2304: Cannot find name 'WorkspaceSettingsPartialPersistError'.
src/serve/acp-http/transport.test.ts(5076,40): error TS2304: Cannot find name 'MAX_VOICE_MODEL_LENGTH'.
src/serve/acp-http/transport.test.ts(5086,48): error TS2304: Cannot find name 'MAX_VOICE_MODEL_LENGTH'.
src/serve/acp-http/transport.test.ts(7476,38): error TS2304: Cannot find name 'CdpTunnelRegistry'.
src/serve/daemon-status.test.ts(1144,5): error TS2561: Object literal may only specify known properties, but 'HopCodeVersion' does not exist in type 'BuildDaemonStatusOptions'. Did you mean to write 'hopCodeVersion'?
src/serve/fast-path.test.ts(85,14): error TS2503: Cannot find namespace 'ts'.
src/serve/fast-path.test.ts(87,22): error TS2304: Cannot find name 'ts'.
src/serve/fast-path.test.ts(91,49): error TS2503: Cannot find namespace 'ts'.
src/serve/fast-path.test.ts(98,7): error TS2304: Cannot find name 'ts'.
src/serve/fast-path.test.ts(100,34): error TS7006: Parameter 'element' implicitly has an 'any' type.
src/serve/fast-path.test.ts(103,49): error TS2503: Cannot find namespace 'ts'.
src/serve/fast-path.test.ts(107,7): error TS2304: Cannot find name 'ts'.
src/serve/fast-path.test.ts(109,32): error TS7006: Parameter 'element' implicitly has an 'any' type.
src/serve/fast-path.test.ts(116,20): error TS2304: Cannot find name 'resolve'.
src/serve/fast-path.test.ts(116,28): error TS2552: Cannot find name 'dirname'. Did you mean '__dirname'?
src/serve/fast-path.test.ts(135,32): error TS2304: Cannot find name 'resolve'.
src/serve/fast-path.test.ts(139,28): error TS2304: Cannot find name 'relative'.
src/serve/fast-path.test.ts(143,24): error TS2304: Cannot find name 'ts'.
src/serve/fast-path.test.ts(146,7): error TS2304: Cannot find name 'ts'.
src/serve/fast-path.test.ts(149,11): error TS2304: Cannot find name 'ts'.
src/serve/fast-path.test.ts(150,11): error TS2304: Cannot find name 'ts'.
src/serve/fast-path.test.ts(156,11): error TS2304: Cannot find name 'ts'.
src/serve/fast-path.test.ts(159,18): error TS2304: Cannot find name 'ts'.
src/serve/fast-path.test.ts(174,35): error TS2304: Cannot find name 'relative'.
src/serve/fast-path.test.ts(467,7): error TS2304: Cannot find name 'resolve'.
src/serve/run-hopcode-serve.test.ts(11,1): error TS6133: 'https' is declared but its value is never read.
src/ui/components/DiffDialog.test.tsx(11,15): error TS2305: Module '"diff"' has no exported member 'Hunk'.
src/utils/headlessSafetyWarnings.test.ts(8,29): error TS6133: 'Config' is declared but its value is never read.
src/utils/headlessSafetyWarnings.test.ts(24,40): error TS2345: Argument of type '{ getApprovalMode: () => ApprovalMode; getSandbox: () => unknown; }' is not assignable to parameter of type 'Pick<Config, "getApprovalMode" | "getSandbox">'.
src/utils/headlessSafetyWarnings.test.ts(31,40): error TS2345: Argument of type '{ getApprovalMode: () => ApprovalMode; getSandbox: () => unknown; }' is not assignable to parameter of type 'Pick<Config, "getApprovalMode" | "getSandbox">'.
src/utils/headlessSafetyWarnings.test.ts(39,40): error TS2345: Argument of type '{ getApprovalMode: () => ApprovalMode; getSandbox: () => unknown; }' is not assignable to parameter of type 'Pick<Config, "getApprovalMode" | "getSandbox">'.
src/utils/headlessSafetyWarnings.test.ts(46,35): error TS2345: Argument of type '{ getApprovalMode: () => ApprovalMode; getSandbox: () => unknown; }' is not assignable to parameter of type 'Pick<Config, "getApprovalMode" | "getSandbox">'.
src/utils/headlessSafetyWarnings.test.ts(50,35): error TS2345: Argument of type '{ getApprovalMode: () => ApprovalMode; getSandbox: () => unknown; }' is not assignable to parameter of type 'Pick<Config, "getApprovalMode" | "getSandbox">'.
src/utils/headlessSafetyWarnings.test.ts(53,40): error TS2345: Argument of type '{ getApprovalMode: () => ApprovalMode; getSandbox: () => unknown; }' is not assignable to parameter of type 'Pick<Config, "getApprovalMode" | "getSandbox">'.
src/utils/headlessSafetyWarnings.test.ts(54,40): error TS2345: Argument of type '{ getApprovalMode: () => ApprovalMode; getSandbox: () => unknown; }' is not assignable to parameter of type 'Pick<Config, "getApprovalMode" | "getSandbox">'.
src/utils/headlessSafetyWarnings.test.ts(59,40): error TS2345: Argument of type '{ getApprovalMode: () => ApprovalMode; getSandbox: () => unknown; }' is not assignable to parameter of type 'Pick<Config, "getApprovalMode" | "getSandbox">'.
src/utils/headlessSafetyWarnings.test.ts(62,40): error TS2345: Argument of type '{ getApprovalMode: () => ApprovalMode; getSandbox: () => unknown; }' is not assignable to parameter of type 'Pick<Config, "getApprovalMode" | "getSandbox">'.
src/utils/headlessSafetyWarnings.test.ts(70,35): error TS2345: Argument of type '{ getApprovalMode: () => ApprovalMode; getSandbox: () => unknown; }' is not assignable to parameter of type 'Pick<Config, "getApprovalMode" | "getSandbox">'.
src/utils/headlessSafetyWarnings.test.ts(75,35): error TS2345: Argument of type '{ getApprovalMode: () => ApprovalMode; getSandbox: () => unknown; }' is not assignable to parameter of type 'Pick<Config, "getApprovalMode" | "getSandbox">'.
src/utils/headlessSafetyWarnings.test.ts(85,37): error TS2345: Argument of type '{ getApprovalMode: () => ApprovalMode; getSandbox: () => unknown; }' is not assignable to parameter of type 'Pick<Config, "getApprovalMode" | "getSandbox">'.
