src/ide/ide-client.ts(921,5): error TS2589: Type instantiation is excessively deep and possibly infinite.
src/ide/ide-client.ts(922,7): error TS2345: Argument of type 'ZodObject<{ jsonrpc: ZodLiteral<"2.0">; method: ZodLiteral<"ide/contextUpdate">; params: ZodObject<{ workspaceState: ZodOptional<ZodObject<{ openFiles: ZodOptional<ZodArray<ZodObject<{ path: ZodString; timestamp: ZodNumber; isActive: ZodOptional<...>; selectedText: ZodOptional<...>; cursor: ZodOptional<...>; }, "str...' is not assignable to parameter of type 'AnyObjectSchema'.
  Type 'ZodObject<{ jsonrpc: ZodLiteral<"2.0">; method: ZodLiteral<"ide/contextUpdate">; params: ZodObject<{ workspaceState: ZodOptional<ZodObject<{ openFiles: ZodOptional<ZodArray<ZodObject<{ path: ZodString; timestamp: ZodNumber; isActive: ZodOptional<...>; selectedText: ZodOptional<...>; cursor: ZodOptional<...>; }, "str...' is not assignable to type 'AnyZodObject'.
    Property '_cached' is private in type 'ZodObject<{ jsonrpc: ZodLiteral<"2.0">; method: ZodLiteral<"ide/contextUpdate">; params: ZodObject<{ workspaceState: ZodOptional<ZodObject<{ openFiles: ZodOptional<ZodArray<ZodObject<{ path: ZodString; timestamp: ZodNumber; isActive: ZodOptional<...>; selectedText: ZodOptional<...>; cursor: ZodOptional<...>; }, "str...' but not in type 'ZodObject<any, any, any, any, any>'.
src/ide/ide-client.ts(948,5): error TS2589: Type instantiation is excessively deep and possibly infinite.
src/ide/ide-client.ts(949,7): error TS2345: Argument of type 'ZodObject<{ jsonrpc: ZodLiteral<"2.0">; method: ZodLiteral<"ide/diffAccepted">; params: ZodObject<{ filePath: ZodString; content: ZodString; }, "strip", ZodTypeAny, { ...; }, { ...; }>; }, "strip", ZodTypeAny, { ...; }, { ...; }>' is not assignable to parameter of type 'AnyObjectSchema'.
  Type 'ZodObject<{ jsonrpc: ZodLiteral<"2.0">; method: ZodLiteral<"ide/diffAccepted">; params: ZodObject<{ filePath: ZodString; content: ZodString; }, "strip", ZodTypeAny, { ...; }, { ...; }>; }, "strip", ZodTypeAny, { ...; }, { ...; }>' is not assignable to type 'AnyZodObject'.
    Property '_cached' is private in type 'ZodObject<{ jsonrpc: ZodLiteral<"2.0">; method: ZodLiteral<"ide/diffAccepted">; params: ZodObject<{ filePath: ZodString; content: ZodString; }, "strip", ZodTypeAny, { ...; }, { ...; }>; }, "strip", ZodTypeAny, { ...; }, { ...; }>' but not in type 'ZodObject<any, any, any, any, any>'.
src/ide/ide-client.ts(962,5): error TS2589: Type instantiation is excessively deep and possibly infinite.
src/ide/ide-client.ts(963,7): error TS2345: Argument of type 'ZodObject<{ jsonrpc: ZodLiteral<"2.0">; method: ZodLiteral<"ide/diffRejected">; params: ZodObject<{ filePath: ZodString; }, "strip", ZodTypeAny, { ...; }, { ...; }>; }, "strip", ZodTypeAny, { ...; }, { ...; }>' is not assignable to parameter of type 'AnyObjectSchema'.
  Type 'ZodObject<{ jsonrpc: ZodLiteral<"2.0">; method: ZodLiteral<"ide/diffRejected">; params: ZodObject<{ filePath: ZodString; }, "strip", ZodTypeAny, { ...; }, { ...; }>; }, "strip", ZodTypeAny, { ...; }, { ...; }>' is not assignable to type 'AnyZodObject'.
    Property '_cached' is private in type 'ZodObject<{ jsonrpc: ZodLiteral<"2.0">; method: ZodLiteral<"ide/diffRejected">; params: ZodObject<{ filePath: ZodString; }, "strip", ZodTypeAny, { ...; }, { ...; }>; }, "strip", ZodTypeAny, { ...; }, { ...; }>' but not in type 'ZodObject<any, any, any, any, any>'.
src/ide/ide-client.ts(978,5): error TS2589: Type instantiation is excessively deep and possibly infinite.
src/ide/ide-client.ts(979,7): error TS2345: Argument of type 'ZodObject<{ jsonrpc: ZodLiteral<"2.0">; method: ZodLiteral<"ide/diffClosed">; params: ZodObject<{ filePath: ZodString; content: ZodOptional<ZodString>; }, "strip", ZodTypeAny, { ...; }, { ...; }>; }, "strip", ZodTypeAny, { ...; }, { ...; }>' is not assignable to parameter of type 'AnyObjectSchema'.
  Type 'ZodObject<{ jsonrpc: ZodLiteral<"2.0">; method: ZodLiteral<"ide/diffClosed">; params: ZodObject<{ filePath: ZodString; content: ZodOptional<ZodString>; }, "strip", ZodTypeAny, { ...; }, { ...; }>; }, "strip", ZodTypeAny, { ...; }, { ...; }>' is not assignable to type 'AnyZodObject'.
    Property '_cached' is private in type 'ZodObject<{ jsonrpc: ZodLiteral<"2.0">; method: ZodLiteral<"ide/diffClosed">; params: ZodObject<{ filePath: ZodString; content: ZodOptional<ZodString>; }, "strip", ZodTypeAny, { ...; }, { ...; }>; }, "strip", ZodTypeAny, { ...; }, { ...; }>' but not in type 'ZodObject<any, any, any, any, any>'.
src/plan-gate/planApprovalGate.ts(47,28): error TS2339: Property 'getPlanGateState' does not exist on type 'Config'.
src/services/fileHistoryService.ts(19,43): error TS2305: Module '"diff"' has no exported member 'Hunk'.
src/tools/diffOptions.ts(10,41): error TS2694: Namespace '"D:/HopCode/node_modules/diff/libesm/index"' has no exported member 'PatchOptions'.
src/tools/diffOptions.ts(46,16): error TS2345: Argument of type 'undefined' is not assignable to parameter of type 'string'.
src/tools/diffOptions.ts(47,5): error TS2322: Type 'undefined' is not assignable to type 'string'.
src/tools/diffOptions.ts(50,3): error TS2322: Type 'undefined' is not assignable to type 'string'.
src/tools/diffOptions.ts(62,9): error TS2694: Namespace '"D:/HopCode/node_modules/diff/libesm/index"' has no exported member 'ParsedDiff'.
src/tools/diffOptions.ts(73,7): error TS18048: 'result' is possibly 'undefined'.
src/tools/diffOptions.ts(97,33): error TS2694: Namespace '"D:/HopCode/node_modules/diff/libesm/index"' has no exported member 'ParsedDiff'.
src/tools/diffOptions.ts(103,37): error TS2694: Namespace '"D:/HopCode/node_modules/diff/libesm/index"' has no exported member 'Hunk'.
src/tools/enterPlanMode.ts(106,54): error TS2339: Property 'YOLO' does not exist on type 'typeof ApprovalMode'.
src/utils/gitDiff.ts(19,15): error TS2305: Module '"diff"' has no exported member 'Hunk'.
